// Jest Snapshot v1, https://goo.gl/fbAQLP

exports[`server utilities should include a server manifest 1`] = `
Object {
  "connections": Array [
    Object {
      "labels": Array [
        "api",
      ],
      "port": 3000,
    },
  ],
  "registrations": Array [
    Object {
      "plugin": "inert",
    },
    Object {
      "plugin": "vision",
    },
    Object {
      "plugin": "hapi-swagger",
    },
    Object {
      "plugin": "hapi-auth-jwt2",
    },
  ],
}
`;
